Statement for BigCoII
  Henry V: $380.00 (53 seats)
  As You Like It: $700.00 (55 seats)
Amount owed is $1,080.00
You earned 48 credits
