Statement for BigCoII<br />
  Henry V: $380.00 (53 seats)<br />
  As You Like It: $700.00 (55 seats)<br />
Amount owed is $1,080.00<br />
You earned 48 credits<br />
